../Core/Src/main.c:114:5:main	8	static
../Core/Src/main.c:165:6:SystemClock_Config	88	static
../Core/Src/main.c:204:6:system_init	8	static
../Core/Src/main.c:221:6:phase1Green	16	static
../Core/Src/main.c:231:6:phase1Yellow	16	static
../Core/Src/main.c:241:6:phase2Green	16	static
../Core/Src/main.c:251:6:phase2Yellow	16	static
../Core/Src/main.c:261:6:AppTrafficLight	24	static
../Core/Src/main.c:595:6:Error_Handler	4	static,ignoring_inline_asm
../Core/Src/main.c:603:9:IsButton1Enter	4	static
../Core/Src/main.c:609:9:IsButton2Enter	4	static
../Core/Src/main.c:615:9:IsButton3Enter	4	static
